================================================================================
标准文档9个特征检测测试报告
================================================================================
测试时间: 2025-08-06 20:46:06
测试图片数量: 2

【测试 1】: mb.png
------------------------------------------------------------
✓ 测试成功
  图片尺寸: None
  横线数量: None
  检测到的特征: 9/9
  检测率: 100.00%
  详细检测结果:
    1. GB图标: ✓ (92, 155, 40, 33)
    2. 中华人民共和国国家标准: ✓ (531, 49, 74, 76)
    3. 标准文号: ✓ (564, 155, 42, 33)
    4. 第一横线: ✓ (np.int32(0), np.int32(0), np.int32(780), np.int32(0))
    5. 标准名称: ✓ (574, 431, 30, 31)
    6. 英文翻译: ✓ (504, 431, 28, 30)
    7. 发布日期: ✓ (609, 940, 32, 13)
    8. 第二横线: ✓ (np.int32(93), np.int32(961), np.int32(724), np.int32(961))
    9. 发布机构: ✓ (92, 940, 59, 13)

【测试 2】: mb2.png
------------------------------------------------------------
✓ 测试成功
  图片尺寸: None
  横线数量: None
  检测到的特征: 9/9
  检测率: 100.00%
  详细检测结果:
    1. GB图标: ✓ (92, 155, 40, 33)
    2. 中华人民共和国国家标准: ✓ (531, 49, 74, 76)
    3. 标准文号: ✓ (743, 147, 21, 35)
    4. 第一横线: ✓ (np.int32(0), np.int32(0), np.int32(780), np.int32(0))
    5. 标准名称: ✓ (574, 431, 30, 31)
    6. 英文翻译: ✓ (504, 431, 28, 30)
    7. 发布日期: ✓ (37, 923, 22, 35)
    8. 第二横线: ✓ (np.int32(354), np.int32(1020), np.int32(470), np.int32(1014))
    9. 发布机构: ✓ (741, 940, 22, 36)

================================================================================
测试总结
================================================================================
总图片数: 2
成功检测: 2
失败数量: 0
成功率: 100.00%
平均检测率: 100.00%

结论:
✓ 所有图片都成功检测到9个特征，系统表现优秀！